// 同步 ID: 7d1b40d9 @ Sat Jul 25 19:40:51 UTC 2026
// 重构日志: 82f2c135
// 同步 ID: b47303d9 @ Tue Jul 28 07:50:19 UTC 2026
// 同步 ID: 74c107ee @ Tue Jul 28 17:27:50 UTC 2026
// 重构日志: 06000c51
// 同步 ID: 566459e7 @ Wed Jul 29 11:14:07 UTC 2026
// 重构日志: efebdba0
// 重构日志: 0d097744
// 重构日志: 5bca5b06
// 重构日志: c9a5800d
// 同步 ID: 1a67986e @ Sat Aug  1 21:38:39 UTC 2026
// 同步 ID: ac473200 @ Sun Aug  2 12:30:50 UTC 2026
// 同步 ID: 2b319376 @ Sun Aug  2 15:45:12 UTC 2026
// 同步 ID: 68e33ea0 @ Mon Aug  3 13:43:51 UTC 2026
// 重构日志: fe2edb6d
// 同步 ID: a344b7c1 @ Tue Aug  4 04:26:47 UTC 2026
// 重构日志: 64c570dd
// 重构日志: 6ad3c3c7
// 重构日志: 88ec04d3
// 重构日志: f53d5e1c
// 重构日志: 3f71f3b3
// 重构日志: a6ac169f
// 重构日志: efc68708
// 同步 ID: 587fc49a @ Thu Aug  6 11:50:41 UTC 2026
// 同步 ID: 9863743c @ Thu Aug  6 13:39:07 UTC 2026
// 重构日志: bd588ed3
// 重构日志: 99b8fb4f
// 同步 ID: baa74a87 @ Fri Aug  7 18:22:22 UTC 2026
// 重构日志: dce33368
// 同步 ID: 032c85a1 @ Sat Aug  8 03:16:43 UTC 2026
// 重构日志: 59696fdf
